init **** success
Arguments:
  /Applications/CocosCreator/3.8.8/CocosCreator.app/Contents/MacOS/CocosCreator: true
  project: /Users/admin/Desktop/douchao/my-project/wechatgames/die
  build: configPath=/Users/admin/Desktop/douchao/my-project/wechatgames/die/preparation/platform/wechat-build.json
  dev: false
  home: /Users/admin/.CocosCreator
 
[Package] metrics@1.0.0 enable
[Package] menu@1.0.0 enable
[Package] profile@1.0.0 enable
[Package] project@1.0.6 enable
[Package] messages@1.0.0 enable
[Package] utils@1.0.0 enable
[Package] program@1.0.4 enable
[Package] tester@1.0.0 enable
[Package] information@1.0.1 enable
[Package] preferences@1.0.0 enable
[EditorQuickCompiler]Version information looks good.
Note, quick compiler does not get launched.
engine:compile-builtin-engine-success (124ms)
Load engine in /Applications/CocosCreator/3.8.8/CocosCreator.app/Contents/Resources/resources/3d/engine
Register native engine in /Applications/CocosCreator/3.8.8/CocosCreator.app/Contents/Resources/resources/3d/engine/native
[Package] engine@1.0.12 enable
[Package] programming@1.0.0 enable
[Package] window@1.0.0 enable
Request namespace: device-list
[Package] device@1.0.1 enable
[Package] ui-kit@1.0.1 enable
[Package] asset-db@1.0.0 enable
[Package] scene@1.0.3 enable
[Package] server@1.0.0 enable
[Package] preview@1.0.1 enable
Preview import map: {
  "imports": {
    "cc": "cce:/internal/x/cc",
    "cc/env": "cc/editor/populate-internal-constants",
    "cce.env": "cc/editor/populate-internal-constants",
    "cc/userland/macro": "./userland/macro"
  }
}
[Package] animator@1.0.0 enable
[Build] internalRegister pkg(scene) in android platform success!
[Package] builder@1.3.9 enable
[Build] internalRegister pkg(scene) in google-play platform success!
[Build] internalRegister pkg(scene) in ohos platform success!
[Build] internalRegister pkg(scene) in harmonyos-next platform success!
[Build] internalRegister pkg(scene) in huawei-agc platform success!
[Build] internalRegister pkg(scene) in ios platform success!
[Build] internalRegister pkg(scene) in windows platform success!
[Build] internalRegister pkg(scene) in mac platform success!
[Build] internalRegister pkg(scene) in linux platform success!
[Build] internalRegister pkg(scene) in alipay-mini-game platform success!
[Build] internalRegister pkg(scene) in taobao-creative-app platform success!
[Build] internalRegister pkg(scene) in taobao-mini-game platform success!
[Build] internalRegister pkg(scene) in bytedance-mini-game platform success!
[Build] internalRegister pkg(scene) in oppo-mini-game platform success!
[Build] internalRegister pkg(scene) in huawei-quick-game platform success!
[Build] internalRegister pkg(scene) in migu-mini-game platform success!
[Build] internalRegister pkg(scene) in honor-mini-game platform success!
[Build] internalRegister pkg(scene) in vivo-mini-game platform success!
[Build] internalRegister pkg(scene) in xiaomi-quick-game platform success!
[Build] internalRegister pkg(scene) in baidu-mini-game platform success!
[Build] internalRegister pkg(scene) in wechatgame platform success!
[Build] internalRegister pkg(scene) in wechatprogram platform success!
[Build] internalRegister pkg(scene) in link-sure platform success!
[Build] internalRegister pkg(scene) in qtt platform success!
[Build] internalRegister pkg(scene) in fb-instant-games platform success!
[Build] internalRegister pkg(scene) in web-desktop platform success!
[Build] internalRegister pkg(scene) in web-mobile platform success!
[Build] internalRegister pkg(scene) in cocos-runtime platform success!
[Build] internalRegister pkg(scene) in platform-example platform success!
[Build] internalRegister pkg(scene) in online platform success!
[Build] internalRegister pkg(scene) in xr-meta platform success!
[Build] internalRegister pkg(scene) in xr-huaweivr platform success!
[Build] internalRegister pkg(scene) in xr-pico platform success!
[Build] internalRegister pkg(scene) in xr-rokid platform success!
[Build] internalRegister pkg(scene) in xr-monado platform success!
[Build] internalRegister pkg(scene) in xr-spaces platform success!
[Build] internalRegister pkg(scene) in xr-seed platform success!
[Build] internalRegister pkg(scene) in ar-android platform success!
[Build] internalRegister pkg(scene) in ar-ios platform success!
[Build] internalRegister pkg(scene) in xr-gsxr platform success!
[Build] internalRegister pkg(scene) in xr-yvr platform success!
[Build] internalRegister pkg(scene) in xr-htc platform success!
[Build] internalRegister pkg(scene) in xr-iqiyi platform success!
[Build] internalRegister pkg(scene) in xr-skyworth platform success!
[Build] internalRegister pkg(scene) in xr-ffalcon platform success!
[Build] internalRegister pkg(scene) in xr-nreal platform success!
[Build] internalRegister pkg(scene) in xr-inmo platform success!
[Build] internalRegister pkg(scene) in xr-lenovo platform success!
[Build] internalRegister pkg(scene) in android-hmi platform success!
[Build-plugin] register pkg scene: 14ms
Builder PluginManager init: 15ms
[Package] shortcuts@1.0.1 enable
[Package] animation-graph@1.0.0 enable
[Package] about@1.0.0 enable
[Package] assets@1.0.0 enable
[Package] console@1.0.0 enable
[Package] crash-reporter@1.0.0 enable
[Package] extension@3.1.4 enable
[Package] feedback@1.0.0 enable
[Package] hierarchy@1.0.0 enable
[Package] inspector@1.0.0 enable
[Package] light-probe@1.0.4 enable
[Package] lightmap@1.0.4 enable
[Package] node-library@1.0.1 enable
[Package] package-asset@1.0.3 enable
[Package] process@1.0.0 enable
[Package] reference-image@1.0.0 enable
[Package] reflection-probe@1.0.4 enable
[Package] engine-extends@1.0.0 enable
[Package] adsense-h5g-plugin@1.0.1 enable
[Build] internalRegister pkg(adsense-h5g-plugin) in android platform success!
[Build] internalRegister pkg(adsense-h5g-plugin) in google-play platform success!
[Build] internalRegister pkg(adsense-h5g-plugin) in ohos platform success!
[Build] internalRegister pkg(adsense-h5g-plugin) in harmonyos-next platform success!
[Build] internalRegister pkg(adsense-h5g-plugin) in huawei-agc platform success!
[Build] internalRegister pkg(adsense-h5g-plugin) in ios platform success!
[Build] internalRegister pkg(adsense-h5g-plugin) in windows platform success!
[Build] internalRegister pkg(adsense-h5g-plugin) in mac platform success!
[Build] internalRegister pkg(adsense-h5g-plugin) in linux platform success!
[Build] internalRegister pkg(adsense-h5g-plugin) in alipay-mini-game platform success!
[Build] internalRegister pkg(adsense-h5g-plugin) in taobao-creative-app platform success!
[Build] internalRegister pkg(adsense-h5g-plugin) in taobao-mini-game platform success!
[Build] internalRegister pkg(adsense-h5g-plugin) in bytedance-mini-game platform success!
[Build] internalRegister pkg(adsense-h5g-plugin) in oppo-mini-game platform success!
[Build] internalRegister pkg(adsense-h5g-plugin) in huawei-quick-game platform success!
[Build] internalRegister pkg(adsense-h5g-plugin) in migu-mini-game platform success!
[Build] internalRegister pkg(adsense-h5g-plugin) in honor-mini-game platform success!
[Build] internalRegister pkg(adsense-h5g-plugin) in vivo-mini-game platform success!
[Build] internalRegister pkg(adsense-h5g-plugin) in xiaomi-quick-game platform success!
[Build] internalRegister pkg(adsense-h5g-plugin) in baidu-mini-game platform success!
[Build] internalRegister pkg(adsense-h5g-plugin) in wechatgame platform success!
[Build] internalRegister pkg(adsense-h5g-plugin) in wechatprogram platform success!
[Build] internalRegister pkg(adsense-h5g-plugin) in link-sure platform success!
[Build] internalRegister pkg(adsense-h5g-plugin) in qtt platform success!
[Build] internalRegister pkg(adsense-h5g-plugin) in fb-instant-games platform success!
[Build] internalRegister pkg(adsense-h5g-plugin) in web-desktop platform success!
[Build] internalRegister pkg(adsense-h5g-plugin) in web-mobile platform success!
[Build] internalRegister pkg(adsense-h5g-plugin) in cocos-runtime platform success!
[Build] internalRegister pkg(adsense-h5g-plugin) in platform-example platform success!
[Build] internalRegister pkg(adsense-h5g-plugin) in online platform success!
[Build] internalRegister pkg(adsense-h5g-plugin) in xr-meta platform success!
[Build] internalRegister pkg(adsense-h5g-plugin) in xr-huaweivr platform success!
[Build] internalRegister pkg(adsense-h5g-plugin) in xr-pico platform success!
[Build] internalRegister pkg(adsense-h5g-plugin) in xr-rokid platform success!
[Build] internalRegister pkg(adsense-h5g-plugin) in xr-monado platform success!
[Build] internalRegister pkg(adsense-h5g-plugin) in xr-spaces platform success!
[Build] internalRegister pkg(adsense-h5g-plugin) in xr-seed platform success!
[Build] internalRegister pkg(adsense-h5g-plugin) in ar-android platform success!
[Build] internalRegister pkg(adsense-h5g-plugin) in ar-ios platform success!
[Build] internalRegister pkg(adsense-h5g-plugin) in xr-gsxr platform success!
[Build] internalRegister pkg(adsense-h5g-plugin) in xr-yvr platform success!
[Build] internalRegister pkg(adsense-h5g-plugin) in xr-htc platform success!
[Build] internalRegister pkg(adsense-h5g-plugin) in xr-iqiyi platform success!
[Build] internalRegister pkg(adsense-h5g-plugin) in xr-skyworth platform success!
[Build] internalRegister pkg(adsense-h5g-plugin) in xr-ffalcon platform success!
[Build] internalRegister pkg(adsense-h5g-plugin) in xr-nreal platform success!
[Build] internalRegister pkg(adsense-h5g-plugin) in xr-inmo platform success!
[Build] internalRegister pkg(adsense-h5g-plugin) in xr-lenovo platform success!
[Build] internalRegister pkg(adsense-h5g-plugin) in android-hmi platform success!
[Build] internalRegister pkg(adsense-h5g-plugin) in web-desktop platform success!
[Build] internalRegister pkg(adsense-h5g-plugin) in web-mobile platform success!
[Build-plugin] register pkg adsense-h5g-plugin: 4ms
[Package] alipay-mini-game@1.0.2 enable
[Build] internalRegister pkg(alipay-mini-game) in alipay-mini-game platform success!
[Build-plugin] register pkg alipay-mini-game: 2ms
[Package] android@1.0.1 enable
[Build] internalRegister pkg(android) in android platform success!
[Build] internalRegister pkg(android) in huawei-agc platform success!
[Build-plugin] register pkg android: 3ms
[Package] bytedance-mini-game@1.0.3 enable
[Build] internalRegister pkg(bytedance-mini-game) in bytedance-mini-game platform success!
[Build-plugin] register pkg bytedance-mini-game: 1ms
[Package] certificate@1.0.0 enable
[Package] channel-upload-tools@1.0.0 enable
[Package] fb-instant-games@1.0.0 enable
[Build] internalRegister pkg(fb-instant-games) in fb-instant-games platform success!
[Build-plugin] register pkg fb-instant-games: 2ms
[Package] google-play@1.0.1 enable
[Build] internalRegister pkg(google-play) in google-play platform success!
[Build-plugin] register pkg google-play: 2ms
[Package] harmonyos-next@1.0.0 enable
[Build] internalRegister pkg(harmonyos-next) in harmonyos-next platform success!
[Build-plugin] register pkg harmonyos-next: 3ms
[Package] honor-mini-game@1.0.0 enable
[Build] internalRegister pkg(honor-mini-game) in honor-mini-game platform success!
[Build-plugin] register pkg honor-mini-game: 2ms
[Package] huawei-agc@1.0.0 enable
[Build] internalRegister pkg(huawei-agc) in huawei-agc platform success!
[Build-plugin] register pkg huawei-agc: 3ms
[Package] huawei-quick-game@1.0.3 enable
[Build] internalRegister pkg(huawei-quick-game) in huawei-quick-game platform success!
[Build-plugin] register pkg huawei-quick-game: 3ms
[Package] ios@1.0.1 enable
[Build] internalRegister pkg(ios) in ios platform success!
[Build-plugin] register pkg ios: 2ms
[Package] linux@1.0.0 enable
平台 linux 不存在，无法添加该平台
[Package] mac@1.0.0 enable
[Build] internalRegister pkg(mac) in mac platform success!
[Build-plugin] register pkg mac: 2ms
[Package] migu-mini-game@1.0.0 enable
[Build] internalRegister pkg(migu-mini-game) in migu-mini-game platform success!
[Build-plugin] register pkg migu-mini-game: 2ms
[Package] native@1.0.2 enable
[Build] internalRegister pkg(native) in ios platform success!
[Build] internalRegister pkg(native) in android platform success!
[Build] internalRegister pkg(native) in huawei-agc platform success!
[Build] internalRegister pkg(native) in windows platform success!
[Build] internalRegister pkg(native) in mac platform success!
[Build] internalRegister pkg(native) in google-play platform success!
[Build] internalRegister pkg(native) in ohos platform success!
[Build] internalRegister pkg(native) in harmonyos-next platform success!
平台 linux 不存在，不支持向该平台注册任何内容
[Build] internalRegister pkg(native) in xr-huaweivr platform success!
[Build] internalRegister pkg(native) in xr-meta platform success!
[Build] internalRegister pkg(native) in xr-pico platform success!
[Build] internalRegister pkg(native) in xr-rokid platform success!
[Build] internalRegister pkg(native) in xr-monado platform success!
[Build] internalRegister pkg(native) in ar-android platform success!
[Build] internalRegister pkg(native) in ar-ios platform success!
[Build] internalRegister pkg(native) in xr-spaces platform success!
[Build] internalRegister pkg(native) in xr-seed platform success!
[Build] internalRegister pkg(native) in xr-gsxr platform success!
[Build] internalRegister pkg(native) in xr-yvr platform success!
[Build] internalRegister pkg(native) in xr-htc platform success!
[Build] internalRegister pkg(native) in xr-iqiyi platform success!
[Build] internalRegister pkg(native) in xr-skyworth platform success!
[Build] internalRegister pkg(native) in xr-ffalcon platform success!
[Build] internalRegister pkg(native) in xr-nreal platform success!
[Build] internalRegister pkg(native) in xr-inmo platform success!
[Build] internalRegister pkg(native) in xr-lenovo platform success!
[Build-plugin] register pkg native: 2ms
[Package] ohos@1.0.0 enable
[Build] internalRegister pkg(ohos) in ohos platform success!
[Build-plugin] register pkg ohos: 1ms
init builder manager success
[Package] oppo-mini-game@1.0.3 enable
[Build] internalRegister pkg(oppo-mini-game) in oppo-mini-game platform success!
[Build-plugin] register pkg oppo-mini-game: 2ms
[Package] runtime-dev-tools@1.0.0 enable
[Package] taobao-mini-game@1.0.1 enable
[Build] internalRegister pkg(taobao-mini-game) in taobao-mini-game platform success!
[Build-plugin] register pkg taobao-mini-game: 1ms
[Package] vivo-mini-game@1.0.3 enable
[Build] internalRegister pkg(vivo-mini-game) in vivo-mini-game platform success!
[Build-plugin] register pkg vivo-mini-game: 2ms
[Package] web-desktop@1.0.1 enable
[Build] internalRegister pkg(web-desktop) in web-desktop platform success!
[Build-plugin] register pkg web-desktop: 1ms
[Package] web-mobile@1.0.1 enable
[Build] internalRegister pkg(web-mobile) in web-mobile platform success!
[Build-plugin] register pkg web-mobile: 1ms
[Package] wechatgame@1.0.4 enable
[Build] internalRegister pkg(wechatgame) in wechatgame platform success!
[Build-plugin] register pkg wechatgame: 1ms
[Package] wechatprogram@1.0.2 enable
平台 wechatprogram 不存在，无法添加该平台
[Package] windows@1.0.1 enable
[Build-plugin] register pkg windows: 1ms
[Package] xiaomi-quick-game@1.0.2 enable
[Build] internalRegister pkg(xiaomi-quick-game) in xiaomi-quick-game platform success!
[Build-plugin] register pkg xiaomi-quick-game: 2ms
[Package] cocos-service@3.0.9 enable
[Build] internalRegister pkg(cocos-service) in android platform success!
[Build] internalRegister pkg(cocos-service) in google-play platform success!
[Build] internalRegister pkg(cocos-service) in ohos platform success!
[Build] internalRegister pkg(cocos-service) in harmonyos-next platform success!
[Build] internalRegister pkg(cocos-service) in huawei-agc platform success!
[Build] internalRegister pkg(cocos-service) in ios platform success!
[Build] internalRegister pkg(cocos-service) in windows platform success!
[Build] internalRegister pkg(cocos-service) in mac platform success!
[Build] internalRegister pkg(cocos-service) in linux platform success!
[Build] internalRegister pkg(cocos-service) in alipay-mini-game platform success!
[Build] internalRegister pkg(cocos-service) in taobao-creative-app platform success!
[Build] internalRegister pkg(cocos-service) in taobao-mini-game platform success!
[Build] internalRegister pkg(cocos-service) in bytedance-mini-game platform success!
[Build] internalRegister pkg(cocos-service) in oppo-mini-game platform success!
[Build] internalRegister pkg(cocos-service) in huawei-quick-game platform success!
[Build] internalRegister pkg(cocos-service) in migu-mini-game platform success!
[Build] internalRegister pkg(cocos-service) in honor-mini-game platform success!
[Build] internalRegister pkg(cocos-service) in vivo-mini-game platform success!
[Build] internalRegister pkg(cocos-service) in xiaomi-quick-game platform success!
[Build] internalRegister pkg(cocos-service) in baidu-mini-game platform success!
[Build] internalRegister pkg(cocos-service) in wechatgame platform success!
[Build] internalRegister pkg(cocos-service) in wechatprogram platform success!
[Build] internalRegister pkg(cocos-service) in link-sure platform success!
[Build] internalRegister pkg(cocos-service) in qtt platform success!
[Build] internalRegister pkg(cocos-service) in fb-instant-games platform success!
[Build] internalRegister pkg(cocos-service) in web-desktop platform success!
[Build] internalRegister pkg(cocos-service) in web-mobile platform success!
[Build] internalRegister pkg(cocos-service) in cocos-runtime platform success!
[Build] internalRegister pkg(cocos-service) in platform-example platform success!
[Build] internalRegister pkg(cocos-service) in online platform success!
[Build] internalRegister pkg(cocos-service) in xr-meta platform success!
[Build] internalRegister pkg(cocos-service) in xr-huaweivr platform success!
[Build] internalRegister pkg(cocos-service) in xr-pico platform success!
[Build] internalRegister pkg(cocos-service) in xr-rokid platform success!
[Build] internalRegister pkg(cocos-service) in xr-monado platform success!
[Build] internalRegister pkg(cocos-service) in xr-spaces platform success!
[Build] internalRegister pkg(cocos-service) in xr-seed platform success!
[Build] internalRegister pkg(cocos-service) in ar-android platform success!
[Build] internalRegister pkg(cocos-service) in ar-ios platform success!
[Build] internalRegister pkg(cocos-service) in xr-gsxr platform success!
[Build] internalRegister pkg(cocos-service) in xr-yvr platform success!
[Build] internalRegister pkg(cocos-service) in xr-htc platform success!
[Build] internalRegister pkg(cocos-service) in xr-iqiyi platform success!
[Build] internalRegister pkg(cocos-service) in xr-skyworth platform success!
[Build] internalRegister pkg(cocos-service) in xr-ffalcon platform success!
[Build] internalRegister pkg(cocos-service) in xr-nreal platform success!
[Build] internalRegister pkg(cocos-service) in xr-inmo platform success!
[Build] internalRegister pkg(cocos-service) in xr-lenovo platform success!
[Build] internalRegister pkg(cocos-service) in android-hmi platform success!
[Build-plugin] register pkg cocos-service: 1ms
[Package] im-plugin@3.0.14 enable
[Package] placeholder@1.0.0 enable
Start enter command build with options {"configPath":"/Users/admin/Desktop/douchao/my-project/wechatgames/die/preparation/platform/wechat-build.json"}
Read config from path /Users/admin/Desktop/douchao/my-project/wechatgames/die/preparation/platform/wechat-build.json...
wechatgame 插件构建配置无版本号，将跳过数据迁移
[[Facet.reload]], before lock, count: 1
[[Facet.reload]], after lock, count: 1
[[Facet.reload]], before unlock, count: 1
[[Facet.reload]], after unlock, count: 1
trackTimeEnd failed! Can not find the track time asset-db:worker-startup-database[internal] start
auto refresh because script compiled or scene changed
trackTimeEnd failed! Can not find the track time asset-db:worker-startup-database[assets] start
asset-db is ready!
Check and complete build options {
  platform: 'wechatgame',
  taskName: 'wechatgame',
  debug: true,
  packages: {
    wechatgame: { appid: 'wxc0360e0c829a3307', orientation: 'portrait' }
  },
  outputName: 'wechatgame',
  buildMode: 'normal'
}
构建参数 mainBundleCompressionType (merge_dep) 校验失败,  compression type(undefined) is invalid for this platform!, 将会使用默认值 "merge_dep"
start preview settings manager
2026-9-14 15:50:27 - debug: =================================== build Task (wechatgame) Start ================================

2026-9-14 15:50:27 - debug: Start build task, options:{"platform":"wechatgame","taskName":"wechatgame","debug":true,"packages":{"wechatgame":{"appid":"wxc0360e0c829a3307","orientation":"portrait","buildOpenDataContextTemplate":"","separateEngine":false,"highPerformanceMode":false}},"outputName":"wechatgame","buildMode":"normal","mainBundleCompressionType":"merge_dep","name":"zhe-ye-neng-die","server":"","engineModulesConfigKey":"defaultConfig","buildPath":"project://build","mangleProperties":false,"md5Cache":false,"skipCompressTexture":false,"sourceMaps":false,"overwriteProjectSettings":{"macroConfig":{"cleanupImageCache":"on"},"includeModules":{"physics":"inherit-project-setting","physics-2d":"inherit-project-setting","gfx-webgl2":"off"}},"nativeCodeBundleMode":"wasm","polyfills":{"asyncFunctions":false},"experimentalEraseModules":false,"startSceneAssetBundle":false,"bundleConfigs":[],"inlineEnum":true,"useBuiltinServer":false,"md5CacheOptions":{"excludes":[],"includes":[],"replaceOnly":[],"handleTemplateMd5Link":true},"mainBundleIsRemote":false,"useSplashScreen":true,"bundleCommonChunk":false,"packAutoAtlas":true,"startScene":"b7c75a45-76af-5b9b-a0f3-109ff6d309fb","scenes":[{"url":"db://assets/batch0/scenes/HUD.scene","uuid":"b7c75a45-76af-5b9b-a0f3-109ff6d309fb"},{"url":"db://assets/batch0/scenes/Home.scene","uuid":"b35d6350-0c9c-52a9-8eab-897e6f0d1d60"},{"url":"db://assets/batch0/scenes/Result.scene","uuid":"e63cce04-c9a9-55d0-aa28-be661b15ef79"},{"url":"db://assets/batch0/scenes/Settings.scene","uuid":"cd6075d6-236e-557a-bcba-708910fef2d6"}],"wasmCompressionMode":false,"binGroupConfig":{"threshold":16,"enable":false},"logDest":"project://temp/builder/log/wechatgame9-14-2026 15-50.log"}

2026-9-14 15:50:27 - debug: Build with Cocos Creator 3.8.8

[[Facet.reload]], before lock, count: 2
[[Facet.reload]], after lock, count: 2
[[Facet.reload]], before unlock, count: 2
[[Facet.reload]], after unlock, count: 2
2026-9-14 15:50:27 - debug: wechatgame:(onBeforeBuild) start..., progress: 0%

2026-9-14 15:50:27 - debug: // ---- build task wechatgame：onBeforeBuild ----

2026-9-14 15:50:27 - debug: // ---- build task wechatgame：onBeforeBuild ---- (3ms)

2026-9-14 15:50:27 - debug: wechatgame:(onBeforeBuild) in 3 ms ✓, progress: 2%

2026-9-14 15:50:27 - debug: cocos-service:(onBeforeBuild) start..., progress: 2%

2026-9-14 15:50:27 - debug: // ---- build task cocos-service：onBeforeBuild ----

2026-9-14 15:50:27 - debug: // ---- build task cocos-service：onBeforeBuild ---- (3ms)

2026-9-14 15:50:27 - debug: cocos-service:(onBeforeBuild) in 3 ms ✓, progress: 4%

2026-9-14 15:50:27 - debug: scene:(onBeforeBuild) start..., progress: 4%

2026-9-14 15:50:27 - debug: // ---- build task scene：onBeforeBuild ----

2026-9-14 15:50:27 - debug: // ---- build task scene：onBeforeBuild ---- (1ms)

2026-9-14 15:50:27 - debug: scene:(onBeforeBuild) in 1 ms ✓, progress: 5%

2026-9-14 15:50:27 - debug: Start lock asset db..., progress: 5%

2026-9-14 15:50:27 - log: Asset DB is paused with build!

2026-9-14 15:50:27 - debug: Query all assets info in project

2026-9-14 15:50:27 - debug: init custom config: keepNodeUuid: false, useCache: true

2026-9-14 15:50:27 - debug: wechatgame:(onAfterInit) start..., progress: 5%

2026-9-14 15:50:27 - debug: // ---- build task wechatgame：onAfterInit ----

2026-9-14 15:50:27 - debug: wechatgame:(onAfterInit) in 0 ms ✓, progress: 7%

2026-9-14 15:50:27 - debug: cocos-service:(onAfterInit) start..., progress: 7%

2026-9-14 15:50:27 - debug: // ---- build task cocos-service：onAfterInit ----

2026-9-14 15:50:27 - debug: // ---- build task cocos-service：onAfterInit ---- (1ms)

2026-9-14 15:50:27 - debug: cocos-service:(onAfterInit) in 1 ms ✓, progress: 9%

2026-9-14 15:50:27 - debug: Skip compress image, progress: 0%

2026-9-14 15:50:27 - debug: wechatgame:(onBeforeBundleInit) start..., progress: 9%

2026-9-14 15:50:27 - debug: wechatgame:(onBeforeBundleInit) start..., progress: 0%

2026-9-14 15:50:27 - debug: // ---- build task wechatgame：onBeforeBundleInit ----

2026-9-14 15:50:27 - debug: // ---- build task wechatgame：onBeforeBundleInit ---- (1ms)

2026-9-14 15:50:27 - debug: wechatgame:(onBeforeBundleInit) in 1 ms ✓, progress: 9%

2026-9-14 15:50:27 - debug: wechatgame:(onBeforeBundleInit) in 1 ms ✓, progress: 7%

2026-9-14 15:50:27 - debug: adsense-h5g-plugin:(onBeforeBundleInit) start..., progress: 9%

2026-9-14 15:50:27 - debug: adsense-h5g-plugin:(onBeforeBundleInit) start..., progress: 7%

2026-9-14 15:50:27 - debug: // ---- build task adsense-h5g-plugin：onBeforeBundleInit ----

2026-9-14 15:50:27 - debug: [adsense-h5g-plugin] remove script success

2026-9-14 15:50:27 - debug: // ---- build task adsense-h5g-plugin：onBeforeBundleInit ---- (1ms)

2026-9-14 15:50:27 - debug: adsense-h5g-plugin:(onBeforeBundleInit) in 1 ms ✓, progress: 9%

2026-9-14 15:50:27 - debug: adsense-h5g-plugin:(onBeforeBundleInit) in 1 ms ✓, progress: 13%

2026-9-14 15:50:27 - debug: Init all bundles start..., progress: 9%

2026-9-14 15:50:27 - debug: Init all bundles start..., progress: 13%

2026-9-14 15:50:27 - debug: Num of bundles: 2..., progress: 9%

2026-9-14 15:50:27 - debug: Num of bundles: 2..., progress: 13%

2026-9-14 15:50:27 - debug: 查询 Asset Bundle start, progress: 9%

2026-9-14 15:50:27 - debug: // ---- build task 查询 Asset Bundle ----

2026-9-14 15:50:27 - debug: Init bundle root assets start..., progress: 9%

2026-9-14 15:50:27 - debug: Init bundle root assets start..., progress: 13%

2026-9-14 15:50:27 - debug: Query preload assets/scripts from cc.config.json: 60f7195c-ec2a-45eb-ba94-8955f60e81d0,1c02ae6f-4492-4915-b8f8-7492a3b1e4cd,810e96e4-e456-4468-9b59-f4e8f39732c0,efe8e2a3-eace-427b-b4f1-cb8a937ec77d,e9aa9a3e-5b2b-4ac7-a2c7-073de2b2b24f,8bbdbcdd-5cd4-4100-b6d5-b7c9625b6107,50f4348b-c883-4e2f-8f11-ce233b859fa1,fda095cb-831d-4601-ad94-846013963de8,f92806d7-1768-443f-afe8-12bcde84d0f0,dd3a144d-ab7f-41f0-82b8-2e43a090d496,f0416e68-0200-4b77-a926-4f9d16e494da,970b0598-bcb0-4714-91fb-2e81440dccd8,bcd64cc6-2dd9-43f6-abbe-66318d332032,d930590d-bb92-4cc8-8bd1-23cd027f9edf,a3cd009f-0ab0-420d-9278-b9fdab939bbc,6a2d0734-bd9e-4ddf-946e-caa52498cb75,871c3b6c-7379-419d-bda3-794b239ab90d,ff9b0199-ce04-4cfe-86cc-6c719f08d6e4,de1c2107-70c8-4021-8459-6399f24d01c6,cbf30902-517f-40dc-af90-a550bac27cf1,5c601d96-e4c7-4698-991b-7ee674b11079

2026-9-14 15:50:27 - debug:   Number of all scenes: 4

2026-9-14 15:50:27 - debug:   Number of all scripts: 18

2026-9-14 15:50:27 - debug:   Number of other assets: 630

2026-9-14 15:50:27 - debug: Init bundle root assets success..., progress: 9%

2026-9-14 15:50:27 - debug: Init bundle root assets success..., progress: 13%

2026-9-14 15:50:27 - debug: reload all scripts.

2026-9-14 15:50:27 - log: creating executor ...

2026-9-14 15:50:27 - debug: [[Executor]] reload before lock

2026-9-14 15:50:27 - debug: Set detail map pack:///resolution-detail-map.json: {}

2026-9-14 15:50:27 - groupCollapsed: Invalidate all modules

2026-9-14 15:50:27 - debug: /Users/admin/Desktop/douchao/my-project/wechatgames/die/temp/programming/packer-driver/targets/editor/chunks/93/93ba276ea7b26ffcdc433fab14afc1ed6f05647b.js resolved to /Users/admin/Desktop/douchao/my-project/wechatgames/die/temp/programming/packer-driver/targets/editor/chunks/93/93ba276ea7b26ffcdc433fab14afc1ed6f05647b.js is not in module cache!

2026-9-14 15:50:27 - debug: [[Executor]] Module "cce:/internal/x/cc-fu/base" loaded.

2026-9-14 15:50:27 - debug: [[Executor]] Module "cce:/internal/x/cc-fu/gfx-webgl" loaded.

2026-9-14 15:50:27 - debug: [[Executor]] Module "cce:/internal/x/cc-fu/gfx-webgl2" loaded.

2026-9-14 15:50:27 - debug: [[Executor]] Module "cce:/internal/x/cc-fu/gfx-empty" loaded.

2026-9-14 15:50:27 - debug: [[Executor]] Module "cce:/internal/x/cc-fu/gfx-webgpu" loaded.

2026-9-14 15:50:27 - debug: [[Executor]] Module "cce:/internal/x/cc-fu/3d" loaded.

2026-9-14 15:50:27 - debug: [[Executor]] Module "cce:/internal/x/cc-fu/animation" loaded.

2026-9-14 15:50:27 - debug: [[Executor]] Module "cce:/internal/x/cc-fu/skeletal-animation" loaded.

2026-9-14 15:50:27 - debug: [[Executor]] Module "cce:/internal/x/cc-fu/2d" loaded.

2026-9-14 15:50:27 - debug: [[Executor]] Module "cce:/internal/x/cc-fu/sorting" loaded.

2026-9-14 15:50:27 - debug: [[Executor]] Module "cce:/internal/x/cc-fu/rich-text" loaded.

2026-9-14 15:50:27 - debug: [[Executor]] Module "cce:/internal/x/cc-fu/mask" loaded.

2026-9-14 15:50:27 - debug: [[Executor]] Module "cce:/internal/x/cc-fu/graphics" loaded.

2026-9-14 15:50:27 - debug: [[Executor]] Module "cce:/internal/x/cc-fu/ui-skew" loaded.

2026-9-14 15:50:27 - debug: [[Executor]] Module "cce:/internal/x/cc-fu/ui" loaded.

2026-9-14 15:50:27 - debug: [[Executor]] Module "cce:/internal/x/cc-fu/affine-transform" loaded.

2026-9-14 15:50:27 - debug: [[Executor]] Module "cce:/internal/x/cc-fu/sorting-2d" loaded.

2026-9-14 15:50:27 - debug: [[Executor]] Module "cce:/internal/x/cc-fu/particle" loaded.

2026-9-14 15:50:27 - debug: [[Executor]] Module "cce:/internal/x/cc-fu/particle-2d" loaded.

2026-9-14 15:50:27 - debug: [[Executor]] Module "cce:/internal/x/cc-fu/physics-framework" loaded.

2026-9-14 15:50:27 - debug: [[Executor]] Module "cce:/internal/x/cc-fu/physics-cannon" loaded.

2026-9-14 15:50:27 - debug: [[Executor]] Module "cce:/internal/x/cc-fu/physics-physx" loaded.

2026-9-14 15:50:27 - debug: [[Executor]] Module "cce:/internal/x/cc-fu/physics-ammo" loaded.

2026-9-14 15:50:27 - debug: [[Executor]] Module "cce:/internal/x/cc-fu/physics-builtin" loaded.

2026-9-14 15:50:27 - debug: [[Executor]] Module "cce:/internal/x/cc-fu/physics-2d-framework" loaded.

2026-9-14 15:50:27 - debug: [[Executor]] Module "cce:/internal/x/cc-fu/physics-2d-box2d-jsb" loaded.

2026-9-14 15:50:27 - debug: [[Executor]] Module "cce:/internal/x/cc-fu/physics-2d-box2d" loaded.

2026-9-14 15:50:27 - debug: [[Executor]] Module "cce:/internal/x/cc-fu/physics-2d-builtin" loaded.

2026-9-14 15:50:27 - debug: [[Executor]] Module "cce:/internal/x/cc-fu/physics-2d-box2d-wasm" loaded.

2026-9-14 15:50:27 - debug: [[Executor]] Module "cce:/internal/x/cc-fu/intersection-2d" loaded.

2026-9-14 15:50:27 - debug: [[Executor]] Module "cce:/internal/x/cc-fu/primitive" loaded.

2026-9-14 15:50:27 - debug: [[Executor]] Module "cce:/internal/x/cc-fu/profiler" loaded.

2026-9-14 15:50:27 - debug: [[Executor]] Module "cce:/internal/x/cc-fu/geometry-renderer" loaded.

2026-9-14 15:50:27 - debug: [[Executor]] Module "cce:/internal/x/cc-fu/audio" loaded.

2026-9-14 15:50:27 - debug: [[Executor]] Module "cce:/internal/x/cc-fu/video" loaded.

2026-9-14 15:50:27 - debug: [[Executor]] Module "cce:/internal/x/cc-fu/xr" loaded.

2026-9-14 15:50:27 - debug: [[Executor]] Module "cce:/internal/x/cc-fu/light-probe" loaded.

2026-9-14 15:50:27 - debug: [[Executor]] Module "cce:/internal/x/cc-fu/terrain" loaded.

2026-9-14 15:50:27 - debug: [[Executor]] Module "cce:/internal/x/cc-fu/webview" loaded.

2026-9-14 15:50:27 - debug: [[Executor]] Module "cce:/internal/x/cc-fu/tween" loaded.

2026-9-14 15:50:27 - debug: [[Executor]] Module "cce:/internal/x/cc-fu/tiled-map" loaded.

2026-9-14 15:50:27 - debug: [[Executor]] Module "cce:/internal/x/cc-fu/vendor-google" loaded.

2026-9-14 15:50:27 - debug: [[Executor]] Module "cce:/internal/x/cc-fu/spine" loaded.

2026-9-14 15:50:27 - debug: [[Executor]] Module "cce:/internal/x/cc-fu/dragon-bones" loaded.

2026-9-14 15:50:27 - debug: [[Executor]] Module "cce:/internal/x/cc-fu/custom-pipeline" loaded.

2026-9-14 15:50:27 - debug: [[Executor]] Module "cce:/internal/x/cc-fu/custom-pipeline-post-process" loaded.

2026-9-14 15:50:27 - debug: [[Executor]] Module "cce:/internal/x/cc-fu/legacy-pipeline" loaded.

2026-9-14 15:50:27 - debug: [[Executor]] Module "cce:/internal/x/cc-fu/base" loaded.

2026-9-14 15:50:27 - debug: [[Executor]] Module "cce:/internal/x/cc-fu/gfx-webgl" loaded.

2026-9-14 15:50:27 - debug: [[Executor]] Module "cce:/internal/x/cc-fu/gfx-webgl2" loaded.

2026-9-14 15:50:27 - debug: [[Executor]] Module "cce:/internal/x/cc-fu/gfx-empty" loaded.

2026-9-14 15:50:27 - debug: [[Executor]] Module "cce:/internal/x/cc-fu/gfx-webgpu" loaded.

2026-9-14 15:50:27 - debug: [[Executor]] Module "cce:/internal/x/cc-fu/3d" loaded.

2026-9-14 15:50:27 - debug: [[Executor]] Module "cce:/internal/x/cc-fu/animation" loaded.

2026-9-14 15:50:27 - debug: [[Executor]] Module "cce:/internal/x/cc-fu/skeletal-animation" loaded.

2026-9-14 15:50:27 - debug: [[Executor]] Module "cce:/internal/x/cc-fu/2d" loaded.

2026-9-14 15:50:27 - debug: [[Executor]] Module "cce:/internal/x/cc-fu/sorting" loaded.

2026-9-14 15:50:27 - debug: [[Executor]] Module "cce:/internal/x/cc-fu/rich-text" loaded.

2026-9-14 15:50:27 - debug: [[Executor]] Module "cce:/internal/x/cc-fu/mask" loaded.

2026-9-14 15:50:27 - debug: [[Executor]] Module "cce:/internal/x/cc-fu/graphics" loaded.

2026-9-14 15:50:27 - debug: [[Executor]] Module "cce:/internal/x/cc-fu/ui-skew" loaded.

2026-9-14 15:50:27 - debug: [[Executor]] Module "cce:/internal/x/cc-fu/ui" loaded.

2026-9-14 15:50:27 - debug: [[Executor]] Module "cce:/internal/x/cc-fu/affine-transform" loaded.

2026-9-14 15:50:27 - debug: [[Executor]] Module "cce:/internal/x/cc-fu/sorting-2d" loaded.

2026-9-14 15:50:27 - debug: [[Executor]] Module "cce:/internal/x/cc-fu/particle" loaded.

2026-9-14 15:50:27 - debug: [[Executor]] Module "cce:/internal/x/cc-fu/particle-2d" loaded.

2026-9-14 15:50:27 - debug: [[Executor]] Module "cce:/internal/x/cc-fu/physics-framework" loaded.

2026-9-14 15:50:27 - debug: [[Executor]] Module "cce:/internal/x/cc-fu/physics-cannon" loaded.

2026-9-14 15:50:27 - debug: [[Executor]] Module "cce:/internal/x/cc-fu/physics-physx" loaded.

2026-9-14 15:50:27 - debug: [[Executor]] Module "cce:/internal/x/cc-fu/physics-ammo" loaded.

2026-9-14 15:50:27 - debug: [[Executor]] Module "cce:/internal/x/cc-fu/physics-builtin" loaded.

2026-9-14 15:50:27 - debug: [[Executor]] Module "cce:/internal/x/cc-fu/physics-2d-framework" loaded.

2026-9-14 15:50:27 - debug: [[Executor]] Module "cce:/internal/x/cc-fu/physics-2d-box2d" loaded.

2026-9-14 15:50:27 - debug: [[Executor]] Module "cce:/internal/x/cc-fu/physics-2d-builtin" loaded.

2026-9-14 15:50:27 - debug: [[Executor]] Module "cce:/internal/x/cc-fu/physics-2d-box2d-wasm" loaded.

2026-9-14 15:50:27 - debug: [[Executor]] Module "cce:/internal/x/cc-fu/intersection-2d" loaded.

2026-9-14 15:50:27 - debug: [[Executor]] Module "cce:/internal/x/cc-fu/primitive" loaded.

2026-9-14 15:50:27 - debug: [[Executor]] Module "cce:/internal/x/cc-fu/profiler" loaded.

2026-9-14 15:50:27 - debug: [[Executor]] Module "cce:/internal/x/cc-fu/geometry-renderer" loaded.

2026-9-14 15:50:27 - debug: [[Executor]] Module "cce:/internal/x/cc-fu/audio" loaded.

2026-9-14 15:50:27 - debug: [[Executor]] Module "cce:/internal/x/cc-fu/video" loaded.

2026-9-14 15:50:27 - debug: [[Executor]] Module "cce:/internal/x/cc-fu/xr" loaded.

auto refresh because script compiled or scene changed
2026-9-14 15:50:27 - debug: [[Executor]] Module "cce:/internal/x/cc-fu/light-probe" loaded.

2026-9-14 15:50:27 - debug: [[Executor]] Module "cce:/internal/x/cc-fu/terrain" loaded.

2026-9-14 15:50:27 - debug: [[Executor]] Module "cce:/internal/x/cc-fu/webview" loaded.

2026-9-14 15:50:27 - debug: [[Executor]] Module "cce:/internal/x/cc-fu/tween" loaded.

2026-9-14 15:50:27 - debug: [[Executor]] Module "cce:/internal/x/cc-fu/tiled-map" loaded.

2026-9-14 15:50:27 - debug: [[Executor]] Module "cce:/internal/x/cc-fu/spine" loaded.

2026-9-14 15:50:27 - debug: [[Executor]] Module "cce:/internal/x/cc-fu/dragon-bones" loaded.

2026-9-14 15:50:27 - debug: [[Executor]] Module "cce:/internal/x/cc-fu/custom-pipeline" loaded.

2026-9-14 15:50:27 - debug: [[Executor]] Module "cce:/internal/x/cc-fu/custom-pipeline-post-process" loaded.

2026-9-14 15:50:27 - debug: [[Executor]] Module "cce:/internal/x/cc-fu/legacy-pipeline" loaded.

2026-9-14 15:50:27 - debug: [[Executor]] Module "cce:/internal/x/cc-fu/vendor-google" loaded.

2026-9-14 15:50:27 - debug: [[Executor]] Module "cce:/internal/x/cc-fu/physics-2d-box2d-jsb" loaded.

2026-9-14 15:50:27 - debug: [[Executor]] Module "pack:///chunks/93/93ba276ea7b26ffcdc433fab14afc1ed6f05647b.js" loaded.

2026-9-14 15:50:27 - debug: Invalidating 'pack:///chunks/93/93ba276ea7b26ffcdc433fab14afc1ed6f05647b.js'

2026-9-14 15:50:27 - groupEnd: Invalidate all modules

2026-9-14 15:50:27 - groupCollapsed: Imports all modules

2026-9-14 15:50:27 - debug: [[Executor]] Module "pack:///chunks/93/93ba276ea7b26ffcdc433fab14afc1ed6f05647b.js" loaded.

2026-9-14 15:50:27 - debug: /Users/admin/Desktop/douchao/my-project/wechatgames/die/temp/programming/packer-driver/targets/editor/chunks/6d/6d8fd2b0177941b032ddc0733af48a561fb60657.js resolved to /Users/admin/Desktop/douchao/my-project/wechatgames/die/temp/programming/packer-driver/targets/editor/chunks/6d/6d8fd2b0177941b032ddc0733af48a561fb60657.js is not in module cache!

2026-9-14 15:50:27 - debug: [[Executor]] Module "pack:///chunks/6d/6d8fd2b0177941b032ddc0733af48a561fb60657.js" loaded.

2026-9-14 15:50:27 - debug: /Users/admin/Desktop/douchao/my-project/wechatgames/die/temp/programming/packer-driver/targets/editor/chunks/dc/dc4b1f83dbb5d100449010b70601ef03d5275034.js resolved to /Users/admin/Desktop/douchao/my-project/wechatgames/die/temp/programming/packer-driver/targets/editor/chunks/dc/dc4b1f83dbb5d100449010b70601ef03d5275034.js is not in module cache!

2026-9-14 15:50:27 - debug: /Users/admin/Desktop/douchao/my-project/wechatgames/die/temp/programming/packer-driver/targets/editor/chunks/6a/6a5019a719a9014c047e67aa1cf34453ab8392ce.js resolved to /Users/admin/Desktop/douchao/my-project/wechatgames/die/temp/programming/packer-driver/targets/editor/chunks/6a/6a5019a719a9014c047e67aa1cf34453ab8392ce.js is not in module cache!

2026-9-14 15:50:27 - debug: /Users/admin/Desktop/douchao/my-project/wechatgames/die/temp/programming/packer-driver/targets/editor/chunks/af/affaffcd655fc36c993a6b7b1ea8cbcde47b6a56.js resolved to /Users/admin/Desktop/douchao/my-project/wechatgames/die/temp/programming/packer-driver/targets/editor/chunks/af/affaffcd655fc36c993a6b7b1ea8cbcde47b6a56.js is not in module cache!

2026-9-14 15:50:27 - debug: /Users/admin/Desktop/douchao/my-project/wechatgames/die/temp/programming/packer-driver/targets/editor/chunks/b5/b559c040bb38654360b68cd578eb7cd5077cd486.js resolved to /Users/admin/Desktop/douchao/my-project/wechatgames/die/temp/programming/packer-driver/targets/editor/chunks/b5/b559c040bb38654360b68cd578eb7cd5077cd486.js is not in module cache!

2026-9-14 15:50:27 - debug: /Users/admin/Desktop/douchao/my-project/wechatgames/die/temp/programming/packer-driver/targets/editor/chunks/a8/a88456f74691501bab39b9f4149a55fd790c7ca1.js resolved to /Users/admin/Desktop/douchao/my-project/wechatgames/die/temp/programming/packer-driver/targets/editor/chunks/a8/a88456f74691501bab39b9f4149a55fd790c7ca1.js is not in module cache!

2026-9-14 15:50:27 - debug: /Users/admin/Desktop/douchao/my-project/wechatgames/die/temp/programming/packer-driver/targets/editor/chunks/86/86c092fdc5b18ebf895636fba631aa212ce975c7.js resolved to /Users/admin/Desktop/douchao/my-project/wechatgames/die/temp/programming/packer-driver/targets/editor/chunks/86/86c092fdc5b18ebf895636fba631aa212ce975c7.js is not in module cache!

2026-9-14 15:50:27 - debug: [[Executor]] Module "pack:///chunks/6a/6a5019a719a9014c047e67aa1cf34453ab8392ce.js" loaded.

2026-9-14 15:50:27 - debug: [[Executor]] Module "cce:/internal/x/engine-export-to-editor/cc/editor/populate-internal-constants" loaded.

2026-9-14 15:50:27 - debug: [[Executor]] Module "pack:///chunks/86/86c092fdc5b18ebf895636fba631aa212ce975c7.js" loaded.

2026-9-14 15:50:27 - debug: [[Executor]] Module "cce:/internal/x/engine-export-to-editor/cc/editor/populate-internal-constants" loaded.

2026-9-14 15:50:27 - debug: [[Executor]] Register BuiltinPipelineSettings

2026-9-14 15:50:27 - debug: [[Executor]] Module "pack:///chunks/af/affaffcd655fc36c993a6b7b1ea8cbcde47b6a56.js" loaded.

2026-9-14 15:50:27 - debug: [[Executor]] Module "pack:///chunks/a8/a88456f74691501bab39b9f4149a55fd790c7ca1.js" loaded.

2026-9-14 15:50:27 - debug: [[Executor]] Register BuiltinPipelinePassBuilder

2026-9-14 15:50:27 - debug: [[Executor]] Module "pack:///chunks/b5/b559c040bb38654360b68cd578eb7cd5077cd486.js" loaded.

2026-9-14 15:50:27 - debug: [[Executor]] Register BuiltinDepthOfFieldPass

2026-9-14 15:50:27 - debug: [[Executor]] Module "pack:///chunks/dc/dc4b1f83dbb5d100449010b70601ef03d5275034.js" loaded.

2026-9-14 15:50:27 - debug: /Users/admin/Desktop/douchao/my-project/wechatgames/die/temp/programming/packer-driver/targets/editor/chunks/22/226e88f19787930c53e776256c08c21a05349308.js resolved to /Users/admin/Desktop/douchao/my-project/wechatgames/die/temp/programming/packer-driver/targets/editor/chunks/22/226e88f19787930c53e776256c08c21a05349308.js is not in module cache!

2026-9-14 15:50:27 - debug: [[Executor]] Register DebugViewRuntimeControl

2026-9-14 15:50:27 - debug: [[Executor]] Module "pack:///chunks/22/226e88f19787930c53e776256c08c21a05349308.js" loaded.

2026-9-14 15:50:27 - debug: /Users/admin/Desktop/douchao/my-project/wechatgames/die/temp/programming/packer-driver/targets/editor/chunks/8d/8d83a1aa96621be491b031f5c27232e463d2ced3.js resolved to /Users/admin/Desktop/douchao/my-project/wechatgames/die/temp/programming/packer-driver/targets/editor/chunks/8d/8d83a1aa96621be491b031f5c27232e463d2ced3.js is not in module cache!

2026-9-14 15:50:27 - debug: [[Executor]] Register HeightBackdrop

2026-9-14 15:50:27 - debug: [[Executor]] Module "pack:///chunks/8d/8d83a1aa96621be491b031f5c27232e463d2ced3.js" loaded.

2026-9-14 15:50:27 - debug: /Users/admin/Desktop/douchao/my-project/wechatgames/die/temp/programming/packer-driver/targets/editor/chunks/e4/e4acc619833edfb965129e9e75f524c652f43ffa.js resolved to /Users/admin/Desktop/douchao/my-project/wechatgames/die/temp/programming/packer-driver/targets/editor/chunks/e4/e4acc619833edfb965129e9e75f524c652f43ffa.js is not in module cache!

2026-9-14 15:50:27 - debug: [[Executor]] Register HomePresentation

2026-9-14 15:50:27 - debug: [[Executor]] Module "pack:///chunks/e4/e4acc619833edfb965129e9e75f524c652f43ffa.js" loaded.

2026-9-14 15:50:27 - debug: /Users/admin/Desktop/douchao/my-project/wechatgames/die/temp/programming/packer-driver/targets/editor/chunks/d1/d1372c18392af9a0464fb2be8cb1f64d3d1e744d.js resolved to /Users/admin/Desktop/douchao/my-project/wechatgames/die/temp/programming/packer-driver/targets/editor/chunks/d1/d1372c18392af9a0464fb2be8cb1f64d3d1e744d.js is not in module cache!

2026-9-14 15:50:27 - debug: /Users/admin/Desktop/douchao/my-project/wechatgames/die/temp/programming/packer-driver/targets/editor/chunks/99/9942146b3ec4cfdfb21a3e39201b062a768983c2.js resolved to /Users/admin/Desktop/douchao/my-project/wechatgames/die/temp/programming/packer-driver/targets/editor/chunks/99/9942146b3ec4cfdfb21a3e39201b062a768983c2.js is not in module cache!

2026-9-14 15:50:27 - debug: [[Executor]] Module "pack:///chunks/99/9942146b3ec4cfdfb21a3e39201b062a768983c2.js" loaded.

2026-9-14 15:50:27 - debug: [[Executor]] Register ResultPresentation

2026-9-14 15:50:27 - debug: [[Executor]] Module "pack:///chunks/d1/d1372c18392af9a0464fb2be8cb1f64d3d1e744d.js" loaded.

2026-9-14 15:50:27 - debug: /Users/admin/Desktop/douchao/my-project/wechatgames/die/temp/programming/packer-driver/targets/editor/chunks/12/1206d209535f9bb644e04ced19216b1160a894d0.js resolved to /Users/admin/Desktop/douchao/my-project/wechatgames/die/temp/programming/packer-driver/targets/editor/chunks/12/1206d209535f9bb644e04ced19216b1160a894d0.js is not in module cache!

2026-9-14 15:50:27 - debug: /Users/admin/Desktop/douchao/my-project/wechatgames/die/temp/programming/packer-driver/targets/editor/chunks/dc/dc42973dec5838dccbe4250b02a432a90bb66e01.js resolved to /Users/admin/Desktop/douchao/my-project/wechatgames/die/temp/programming/packer-driver/targets/editor/chunks/dc/dc42973dec5838dccbe4250b02a432a90bb66e01.js is not in module cache!

2026-9-14 15:50:27 - debug: [[Executor]] Module "pack:///chunks/dc/dc42973dec5838dccbe4250b02a432a90bb66e01.js" loaded.

2026-9-14 15:50:27 - debug: [[Executor]] Module "pack:///chunks/12/1206d209535f9bb644e04ced19216b1160a894d0.js" loaded.

2026-9-14 15:50:27 - debug: /Users/admin/Desktop/douchao/my-project/wechatgames/die/temp/programming/packer-driver/targets/editor/chunks/2b/2b9978d7fa26fc861f00eba83b7526e4040c2497.js resolved to /Users/admin/Desktop/douchao/my-project/wechatgames/die/temp/programming/packer-driver/targets/editor/chunks/2b/2b9978d7fa26fc861f00eba83b7526e4040c2497.js is not in module cache!

2026-9-14 15:50:27 - debug: /Users/admin/Desktop/douchao/my-project/wechatgames/die/temp/programming/packer-driver/targets/editor/chunks/ba/ba3aa80ba1ed8db5638102a19b99602db1a937eb.js resolved to /Users/admin/Desktop/douchao/my-project/wechatgames/die/temp/programming/packer-driver/targets/editor/chunks/ba/ba3aa80ba1ed8db5638102a19b99602db1a937eb.js is not in module cache!

2026-9-14 15:50:27 - debug: /Users/admin/Desktop/douchao/my-project/wechatgames/die/temp/programming/packer-driver/targets/editor/chunks/2f/2f3ecce4c667abe2588f4d1e9679a3e905def593.js resolved to /Users/admin/Desktop/douchao/my-project/wechatgames/die/temp/programming/packer-driver/targets/editor/chunks/2f/2f3ecce4c667abe2588f4d1e9679a3e905def593.js is not in module cache!

2026-9-14 15:50:27 - debug: /Users/admin/Desktop/douchao/my-project/wechatgames/die/temp/programming/packer-driver/targets/editor/chunks/06/0671b7311b8f7fad41499820b1ab6899a0c139a7.js resolved to /Users/admin/Desktop/douchao/my-project/wechatgames/die/temp/programming/packer-driver/targets/editor/chunks/06/0671b7311b8f7fad41499820b1ab6899a0c139a7.js is not in module cache!

2026-9-14 15:50:27 - debug: /Users/admin/Desktop/douchao/my-project/wechatgames/die/temp/programming/packer-driver/targets/editor/chunks/96/961e3aec7798452ba07d9f1c672cb1a02becb1ee.js resolved to /Users/admin/Desktop/douchao/my-project/wechatgames/die/temp/programming/packer-driver/targets/editor/chunks/96/961e3aec7798452ba07d9f1c672cb1a02becb1ee.js is not in module cache!

2026-9-14 15:50:27 - debug: [[Executor]] Module "pack:///chunks/06/0671b7311b8f7fad41499820b1ab6899a0c139a7.js" loaded.

2026-9-14 15:50:27 - debug: [[Executor]] Module "pack:///chunks/ba/ba3aa80ba1ed8db5638102a19b99602db1a937eb.js" loaded.

2026-9-14 15:50:27 - debug: [[Executor]] Module "pack:///chunks/2f/2f3ecce4c667abe2588f4d1e9679a3e905def593.js" loaded.

2026-9-14 15:50:27 - debug: [[Executor]] Module "pack:///chunks/96/961e3aec7798452ba07d9f1c672cb1a02becb1ee.js" loaded.

2026-9-14 15:50:27 - debug: [[Executor]] Register StackGameController

2026-9-14 15:50:27 - debug: [[Executor]] Module "pack:///chunks/2b/2b9978d7fa26fc861f00eba83b7526e4040c2497.js" loaded.

2026-9-14 15:50:27 - debug: /Users/admin/Desktop/douchao/my-project/wechatgames/die/temp/programming/packer-driver/targets/editor/chunks/16/16515a22dbaeaf5d3ca3936dcdd25a85e572e3fe.js resolved to /Users/admin/Desktop/douchao/my-project/wechatgames/die/temp/programming/packer-driver/targets/editor/chunks/16/16515a22dbaeaf5d3ca3936dcdd25a85e572e3fe.js is not in module cache!

2026-9-14 15:50:27 - debug: [[Executor]] Register StackSceneActions

2026-9-14 15:50:27 - debug: [[Executor]] Module "pack:///chunks/16/16515a22dbaeaf5d3ca3936dcdd25a85e572e3fe.js" loaded.

2026-9-14 15:50:27 - debug: [[Executor]] Module "pack:///chunks/6d/6d8fd2b0177941b032ddc0733af48a561fb60657.js" loaded.

2026-9-14 15:50:27 - groupEnd: Imports all modules

2026-9-14 15:50:27 - debug: [[Executor]] after unlock

2026-9-14 15:50:27 - debug: Incremental keys: regeneratorRuntime,b2jsb

2026-9-14 15:50:27 - debug: Init bundle share assets start..., progress: 9%

2026-9-14 15:50:27 - debug: Init bundle share assets start..., progress: 13%

2026-9-14 15:50:27 - debug: Init bundle share assets success..., progress: 9%

2026-9-14 15:50:27 - debug: Init bundle share assets success..., progress: 13%

2026-9-14 15:50:27 - debug: handle json group in bundle internal

2026-9-14 15:50:27 - debug: handle json group in bundle internal success

2026-9-14 15:50:27 - debug: handle json group in bundle main

2026-9-14 15:50:27 - debug: init image compress task 0 in bundle internal

2026-9-14 15:50:27 - debug: handle json group in bundle main success

2026-9-14 15:50:27 - debug: init image compress task 0 in bundle main

2026-9-14 15:50:27 - debug: // ---- build task 查询 Asset Bundle ---- (90ms)

2026-9-14 15:50:27 - log: run build task 查询 Asset Bundle success in 90 ms√, progress: 14%

2026-9-14 15:50:27 - debug: [Build Memory track]: 查询 Asset Bundle start:278.41MB, end 278.72MB, increase: 311.78KB

2026-9-14 15:50:27 - debug: 查询 Asset Bundle start, progress: 14%

2026-9-14 15:50:27 - debug: // ---- build task 查询 Asset Bundle ----

2026-9-14 15:50:27 - debug: // ---- build task 查询 Asset Bundle ---- (2ms)

2026-9-14 15:50:27 - log: run build task 查询 Asset Bundle success in 2 ms√, progress: 19%

2026-9-14 15:50:27 - debug: [Build Memory track]: 查询 Asset Bundle start:278.75MB, end 278.93MB, increase: 174.71KB

2026-9-14 15:50:27 - debug: 打包脚本 start, progress: 19%

2026-9-14 15:50:27 - debug: // ---- build task 打包脚本 ----

2026-9-14 15:50:27 - log: [buildPolyfillsCommand]enter sub process 29379, 9229, see: chrome://inspect/#devices

2026-9-14 15:50:28 - debug: execute-script-end with buildPolyfillsCommand 1573ms

2026-9-14 15:50:28 - debug: Generate systemJs..., progress: 19%

2026-9-14 15:50:29 - debug: execute-script-end with buildSystemJsCommand 624ms

2026-9-14 15:50:29 - debug: 构建项目脚本 start..., progress: 19%

2026-9-14 15:50:29 - debug: 构建项目脚本 start..., progress: 13%

2026-9-14 15:50:30 - log: [buildScriptCommand]Number of non-entry chunks: 2

2026-9-14 15:50:30 - debug: execute-script-end with buildScriptCommand 769ms

2026-9-14 15:50:30 - debug: Copy externalScripts success!

2026-9-14 15:50:30 - debug: 构建项目脚本 in (778 ms) √, progress: 19%

2026-9-14 15:50:30 - debug: 构建项目脚本 in (778 ms) √, progress: 13%

2026-9-14 15:50:30 - debug: 构建引擎脚本 start..., progress: 19%

2026-9-14 15:50:30 - debug: mangleProperties is enabled, found engine-mangle-config.json, use it

2026-9-14 15:50:30 - debug: Engine cache (/var/folders/r9/ppc2npgs5w931p28g5735zt00000gn/T/CocosCreator/3.8.8/builder/engine/33fad566774c7c026cf468e42525782f) does not exist.

2026-9-14 15:50:30 - debug: mangleProperties is disabled, platform: WECHAT

2026-9-14 15:50:30 - debug: Cache is invalid, start build engine with options: {  "incremental": "/var/folders/r9/ppc2npgs5w931p28g5735zt00000gn/T/CocosCreator/3.8.8/builder/engine/33fad566774c7c026cf468e42525782f.watch-files.json",  "engine": "/Applications/CocosCreator/3.8.8/CocosCreator.app/Contents/Resources/resources/3d/engine",  "out": "/var/folders/r9/ppc2npgs5w931p28g5735zt00000gn/T/CocosCreator/3.8.8/builder/engine/33fad566774c7c026cf468e42525782f",  "moduleFormat": "system",  "compress": false,  "nativeCodeBundleMode": "wasm",  "assetURLFormat": "relative-from-out",  "sourceMap": false,  "loose": true,  "features": [    "2d",    "affine-transform",    "animation",    "audio",    "base",    "custom-pipeline",    "gfx-webgl",    "graphics",    "intersection-2d",    "mask",    "physics-2d-box2d-wasm",    "profiler",    "rich-text",    "tween",    "ui",    "custom-pipeline-builtin-scripts"  ],  "platform": "WECHAT",  "flags": {    "DEBUG": true,    "LOAD_BULLET_MANUALLY": false,    "LOAD_SPINE_MANUALLY": false  },  "mode": "BUILD",  "metaFile": "/var/folders/r9/ppc2npgs5w931p28g5735zt00000gn/T/CocosCreator/3.8.8/builder/engine/33fad566774c7c026cf468e42525782f.meta/meta.json",  "wasmCompressionMode": false,  "inlineEnum": true,  "mangleProperties": false,  "mangleConfigJsonMtime": 0}

2026-9-14 15:50:30 - debug: md5String: debug=true,sourceMaps=false,includeModules=["2d","affine-transform","animation","audio","base","custom-pipeline","gfx-webgl","graphics","intersection-2d","mask","physics-2d-box2d-wasm","profiler","rich-text","tween","ui","custom-pipeline-builtin-scripts"],engineVersion="3.8.8",platformType="WECHAT",split=undefined,nativeCodeBundleMode="wasm",targets=undefined,entry="/Applications/CocosCreator/3.8.8/CocosCreator.app/Contents/Resources/resources/3d/engine",noDeprecatedFeatures=undefined,loose=true,assetURLFormat="relative-from-out",flags={"DEBUG":true,"LOAD_BULLET_MANUALLY":false,"LOAD_SPINE_MANUALLY":false},preserveType=undefined,wasmCompressionMode=false,enableNamedRegisterForSystemJSModuleFormat=undefined,mangleProperties=false,inlineEnum=true,

2026-9-14 15:50:30 - debug: Error: Exit process with code:null, signal:SIGTERM in task build-script    at ChildProcess.<anonymous> (/Applications/CocosCreator/3.8.8/CocosCreator.app/Contents/Resources/app.asar/builtin/builder/dist/worker/worker-pools/sub-process-manager.ccc:1:2409)    at ChildProcess.emit (node:events:519:28)    at Process.ChildProcess._handle.onexit (node:internal/child_process:294:12)

2026-9-14 15:50:30 - log: [buildEngineCommand]enter sub process 29718, 9229, see: chrome://inspect/#devices

2026-9-14 15:50:31 - log: [buildEngineCommand]start build engine with options: {"engine":"/Applications/CocosCreator/3.8.8/CocosCreator.app/Contents/Resources/resources/3d/engine","out":"/var/folders/r9/ppc2npgs5w931p28g5735zt00000gn/T/CocosCreator/3.8.8/builder/engine/33fad566774c7c026cf468e42525782f","platform":"WECHAT","moduleFormat":"system","compress":false,"split":false,"nativeCodeBundleMode":"wasm","assetURLFormat":"relative-from-out","noDeprecatedFeatures":false,"sourceMap":false,"features":["2d","affine-transform","animation","audio","base","custom-pipeline","gfx-webgl","graphics","intersection-2d","mask","physics-2d-box2d-wasm","profiler","rich-text","tween","ui","custom-pipeline-builtin-scripts"],"loose":true,"mode":"BUILD","flags":{"DEBUG":true,"LOAD_BULLET_MANUALLY":false,"LOAD_SPINE_MANUALLY":false},"metaFile":"/var/folders/r9/ppc2npgs5w931p28g5735zt00000gn/T/CocosCreator/3.8.8/builder/engine/33fad566774c7c026cf468e42525782f.meta/meta.json","mangleProperties":false,"inlineEnum":true,"incremental":"/var/folders/r9/ppc2npgs5w931p28g5735zt00000gn/T/CocosCreator/3.8.8/builder/engine/33fad566774c7c026cf468e42525782f.watch-files.json","wasmCompressionMode":false,"mangleConfigJsonMtime":0}

2026-9-14 15:50:31 - log: [buildEngineCommand]Module source "internal-constants":function tryDefineGlobal (name, value) {    const _global = typeof window === 'undefined' ? global : window;    if (typeof _global[name] === 'undefined') {        return (_global[name] = value);    } else {        // eslint-disable-next-line @typescript-eslint/no-unsafe-return        return _global[name];    }}export const HTML5 = false;export const NATIVE = false;export const ANDROID = false;export const IOS = false;export const MAC = false;export const WINDOWS = false;export const LINUX = false;export const OHOS = false;export const OPEN_HARMONY = false;export const WECHAT = true;tryDefineGlobal('CC_WECHAT', true);export const WECHAT_MINI_PROGRAM = false;export const XIAOMI = false;tryDefineGlobal('CC_XIAOMI', false);export const ALIPAY = false;tryDefineGlobal('CC_ALIPAY', false);export const TAOBAO = false;export const TAOBAO_MINIGAME = false;export const BYTEDANCE = false;tryDefineGlobal('CC_BYTEDANCE', false);export const OPPO = false;tryDefineGlobal('CC_OPPO', false);export const VIVO = false;tryDefineGlobal('CC_VIVO', false);export const HUAWEI = false;tryDefineGlobal('CC_HUAWEI', false);export const MIGU = false;tryDefineGlobal('CC_MIGU', false);export const HONOR = false;tryDefineGlobal('CC_HONOR', false);export const COCOS_RUNTIME = false;tryDefineGlobal('CC_COCOS_RUNTIME', false);export const EDITOR = false;tryDefineGlobal('CC_EDITOR', false);export const EDITOR_NOT_IN_PREVIEW = false;export const PREVIEW = false;tryDefineGlobal('CC_PREVIEW', false);export const BUILD = true;tryDefineGlobal('CC_BUILD', true);export const TEST = false;tryDefineGlobal('CC_TEST', false);export const DEBUG = true;tryDefineGlobal('CC_DEBUG', true);export const SERVER_MODE = false;export const DEV = false;tryDefineGlobal('CC_DEV', false);export const MINIGAME = true;tryDefineGlobal('CC_MINIGAME', true);export const RUNTIME_BASED = false;tryDefineGlobal('CC_RUNTIME_BASED', false);export const SUPPORT_JIT = false;tryDefineGlobal('CC_SUPPORT_JIT', false);export const JSB = false;tryDefineGlobal('CC_JSB', false);export const NOT_PACK_PHYSX_LIBS = false;export const NET_MODE = 0;export const WEBGPU = false;export const NATIVE_CODE_BUNDLE_MODE = 1;export const WASM_SUBPACKAGE = false;export const CULL_MESHOPT = true;export const LOAD_SPINE_MANUALLY = false;export const LOAD_BOX2D_MANUALLY = false;export const LOAD_BULLET_MANUALLY = false;export const LOAD_PHYSX_MANUALLY = false;export const USE_3D = false;export const USE_UI_SKEW = false;export const USE_XR = false;export const USE_SORTING_2D = false;

2026-9-14 15:50:31 - log: [buildEngineCommand]Module source "cc":export * from '/Applications/CocosCreator/3.8.8/CocosCreator.app/Contents/Resources/resources/3d/engine/exports/2d.ts';export * from '/Applications/CocosCreator/3.8.8/CocosCreator.app/Contents/Resources/resources/3d/engine/exports/sorting.ts';export * from '/Applications/CocosCreator/3.8.8/CocosCreator.app/Contents/Resources/resources/3d/engine/exports/affine-transform.ts';export * from '/Applications/CocosCreator/3.8.8/CocosCreator.app/Contents/Resources/resources/3d/engine/exports/animation.ts';export * from '/Applications/CocosCreator/3.8.8/CocosCreator.app/Contents/Resources/resources/3d/engine/exports/audio.ts';export * from '/Applications/CocosCreator/3.8.8/CocosCreator.app/Contents/Resources/resources/3d/engine/exports/base.ts';export * from '/Applications/CocosCreator/3.8.8/CocosCreator.app/Contents/Resources/resources/3d/engine/exports/custom-pipeline.ts';export * from '/Applications/CocosCreator/3.8.8/CocosCreator.app/Contents/Resources/resources/3d/engine/exports/gfx-webgl.ts';export * from '/Applications/CocosCreator/3.8.8/CocosCreator.app/Contents/Resources/resources/3d/engine/exports/graphics.ts';export * from '/Applications/CocosCreator/3.8.8/CocosCreator.app/Contents/Resources/resources/3d/engine/exports/intersection-2d.ts';export * from '/Applications/CocosCreator/3.8.8/CocosCreator.app/Contents/Resources/resources/3d/engine/exports/mask.ts';export * from '/Applications/CocosCreator/3.8.8/CocosCreator.app/Contents/Resources/resources/3d/engine/exports/physics-2d-box2d-wasm.ts';export * from '/Applications/CocosCreator/3.8.8/CocosCreator.app/Contents/Resources/resources/3d/engine/exports/physics-2d-framework.ts';export * from '/Applications/CocosCreator/3.8.8/CocosCreator.app/Contents/Resources/resources/3d/engine/exports/profiler.ts';export * from '/Applications/CocosCreator/3.8.8/CocosCreator.app/Contents/Resources/resources/3d/engine/exports/rich-text.ts';export * from '/Applications/CocosCreator/3.8.8/CocosCreator.app/Contents/Resources/resources/3d/engine/exports/tween.ts';export * from '/Applications/CocosCreator/3.8.8/CocosCreator.app/Contents/Resources/resources/3d/engine/exports/ui.ts';

2026-9-14 15:50:40 - log: [buildEngineCommand]Redirect module internal:native to /Applications/CocosCreator/3.8.8/CocosCreator.app/Contents/Resources/resources/3d/engine/cocos/native-binding/impl.ts

2026-9-14 15:50:40 - log: [buildEngineCommand]Redirect module /Applications/CocosCreator/3.8.8/CocosCreator.app/Contents/Resources/resources/3d/engine/cocos/2d/renderer/native-2d.ts to /Applications/CocosCreator/3.8.8/CocosCreator.app/Contents/Resources/resources/3d/engine/cocos/2d/renderer/native-2d-empty.ts

2026-9-14 15:50:41 - log: [buildEngineCommand]Redirect module /Applications/CocosCreator/3.8.8/CocosCreator.app/Contents/Resources/resources/3d/engine/cocos/animation/marionette/runtime-exports.ts to /Applications/CocosCreator/3.8.8/CocosCreator.app/Contents/Resources/resources/3d/engine/cocos/animation/marionette/index-empty.ts

2026-9-14 15:50:42 - log: [buildEngineCommand]Redirect module pal/audio to /Applications/CocosCreator/3.8.8/CocosCreator.app/Contents/Resources/resources/3d/engine/pal/audio/minigame/player.ts

2026-9-14 15:50:42 - log: [buildEngineCommand]Redirect module pal/screen-adapter to /Applications/CocosCreator/3.8.8/CocosCreator.app/Contents/Resources/resources/3d/engine/pal/screen-adapter/minigame/screen-adapter.ts

2026-9-14 15:50:42 - log: [buildEngineCommand]Redirect module pal/system-info to /Applications/CocosCreator/3.8.8/CocosCreator.app/Contents/Resources/resources/3d/engine/pal/system-info/minigame/system-info.tsRedirect module pal/env to /Applications/CocosCreator/3.8.8/CocosCreator.app/Contents/Resources/resources/3d/engine/pal/env/minigame/env.ts

2026-9-14 15:50:42 - log: [buildEngineCommand]Redirect module pal/pacer to /Applications/CocosCreator/3.8.8/CocosCreator.app/Contents/Resources/resources/3d/engine/pal/pacer/pacer-minigame.ts

2026-9-14 15:50:43 - log: [buildEngineCommand]Redirect module pal/input to /Applications/CocosCreator/3.8.8/CocosCreator.app/Contents/Resources/resources/3d/engine/pal/input/minigame/index.ts

2026-9-14 15:50:43 - log: [buildEngineCommand]Redirect module pal/wasm to /Applications/CocosCreator/3.8.8/CocosCreator.app/Contents/Resources/resources/3d/engine/pal/wasm/wasm-minigame.ts

2026-9-14 15:50:43 - log: [buildEngineCommand]Redirect module pal/minigame to /Applications/CocosCreator/3.8.8/CocosCreator.app/Contents/Resources/resources/3d/engine/pal/minigame/wechat.ts

2026-9-14 15:50:46 - log: [buildEngineCommand]==== Performance ====

2026-9-14 15:50:46 - log: [buildEngineCommand]{"# BUILD":[14321.5435,1122471300,1293011612],"## initialize":[6842.908457999999,429350592,599895880],"- plugin 6 (node-resolve) - buildStart":[0.08487500000001091,3608,170552588],"- plugin 8 (commonjs) - buildStart":[0.014167000000043117,3312,170730640],"- plugin 9 (@cocos/typescript) - buildStart":[6842.766833999999,429162844,599893888],"## generate module graph":[6617.483582999999,639016580,1238913048],"- plugin 0 (commonjs--resolver) - resolveId":[9.894639000001916,1230756,1238132632],"- plugin 1 (@cocos/ccbuild|external-loader) - resolveId":[3.890332999995735,1738936,1238138476],"- plugin 2 (@cocos/ccbuild|module-overrides) - resolveId":[4.62789900000098,-106080,1238147152],"- plugin 3 (virtual) - resolveId":[10.72119199997178,-481916,1238152720],"- plugin 1 (@cocos/ccbuild|external-loader) - load":[1.0087979999862,305660,1235816300],"- plugin 2 (@cocos/ccbuild|module-overrides) - load":[2.0900060000112717,974132,1235818280],"- plugin 3 (virtual) - load":[0.7092450000200188,186280,1235818776],"- plugin 7 (json) - transform":[1.6631770000458346,692796,1236629304],"- plugin 8 (commonjs) - transform":[13.865428999959477,2764020,1236630632],"- plugin 10 (babel) - transform":[28.561835000009523,13859760,1236652192],"generate ast":[304.87212900006125,153117184,1238117364],"- plugin 4 (@cocos/ccbuild|module-query-plugin) - resolveId":[4.821920000007594,2459392,1238154504],"- plugin 5 (ts-paths) - resolveId":[3.3331819999984873,505112,1238156644],"- plugin 9 (@cocos/typescript) - resolveId":[854.0110010000044,58882332,1238065212],"- plugin 10 (babel) - resolveId":[0.7973400000173569,1560,1238066000],"- plugin 6 (node-resolve) - resolveId":[0.5578320000040549,9384,1224230404],"- plugin 6 (node-resolve) - load":[0.6693390000018553,237636,1235819280],"- plugin 8 (commonjs) - load":[0.8853320000216627,114800,1235819776],"- plugin 9 (@cocos/typescript) - load":[8.546552000001611,1574484,1235830272],"- plugin 10 (babel) - load":[60.179417999999714,4327704,1222015564],"## sort and bind modules":[82.32037500000115,5550096,1244463216],"## mark included statements":[767.223915999999,47863608,1292326856],"treeshaking pass 1":[305.8177080000005,34772228,1279427724],"treeshaking pass 2":[109.37662499999897,3596452,1283024208],"treeshaking pass 3":[50.78495800000019,6240240,1289264480],"treeshaking pass 4":[39.38954100000046,1420652,1290685164],"treeshaking pass 5":[43.21575000000121,-87432,1290597764],"treeshaking pass 6":[49.821500000000015,-1036304,1289561492],"treeshaking pass 7":[39.170249999999214,989664,1290551188],"treeshaking pass 8":[31.5089169999992,-576924,1289974296],"treeshaking pass 9":[26.63287499999933,-1868804,1288105524],"treeshaking pass 10":[23.00566699999945,4503476,1292609032],"treeshaking pass 11":[24.410499999999956,-4283432,1288325632],"treeshaking pass 12":[23.571875000001455,4000928,1292326592],"- plugin 8 (commonjs) - buildEnd":[0.004875000000538421,244,1292329504],"- plugin 9 (@cocos/typescript) - buildEnd":[11.410083000000668,681032,1293010568]}====             ====

2026-9-14 15:50:46 - debug: execute-script-end with buildEngineCommand 16381ms

2026-9-14 15:50:46 - debug: build engine done: output: /var/folders/r9/ppc2npgs5w931p28g5735zt00000gn/T/CocosCreator/3.8.8/builder/engine/33fad566774c7c026cf468e42525782f

2026-9-14 15:50:46 - debug: 构建引擎脚本 in (16407 ms) √, progress: 19%

2026-9-14 15:50:46 - debug: Copy plugin script ..., progress: 19%

2026-9-14 15:50:46 - debug: Generate import-map..., progress: 19%

2026-9-14 15:50:46 - debug: // ---- build task 打包脚本 ---- (19424ms)

2026-9-14 15:50:46 - log: run build task 打包脚本 success in 19 s√, progress: 24%

2026-9-14 15:50:46 - debug: [Build Memory track]: 打包脚本 start:279.06MB, end 282.24MB, increase: 3.19MB

2026-9-14 15:50:46 - debug: Build Assets start, progress: 24%

2026-9-14 15:50:46 - debug: // ---- build task Build Assets ----

2026-9-14 15:50:46 - debug: Build bundles..., progress: 24%

2026-9-14 15:50:46 - debug: Pack Images start, progress: 24%

2026-9-14 15:50:46 - debug: Pack Images start, progress: 13%

2026-9-14 15:50:46 - debug: Number of pac assets: 1

2026-9-14 15:50:46 - debug: No pack results

2026-9-14 15:50:46 - debug: Compress image start..., progress: 24%

2026-9-14 15:50:46 - debug: Compress image start..., progress: 13%

2026-9-14 15:50:46 - group: Compress image...

2026-9-14 15:50:46 - debug: sort compress task {}

2026-9-14 15:50:46 - debug: Num of all image compress task 0, really: 0, configTasks: 0

2026-9-14 15:50:46 - debug: No image need to compress

2026-9-14 15:50:46 - groupEnd: Compress image...

2026-9-14 15:50:46 - debug: Compress image success..., progress: 24%

2026-9-14 15:50:46 - debug: Compress image success..., progress: 13%

2026-9-14 15:50:46 - debug: Output asset in bundles start, progress: 24%

2026-9-14 15:50:46 - debug: Output asset in bundles start, progress: 13%

2026-9-14 15:50:46 - debug: Handle all json groups in bundle internal

2026-9-14 15:50:46 - debug: handle json group

2026-9-14 15:50:46 - debug: Handle all json groups in bundle main

2026-9-14 15:50:46 - debug: handle json group

2026-9-14 15:50:46 - debug: Error: Exit process with code:null, signal:SIGTERM in task build-engine    at ChildProcess.<anonymous> (/Applications/CocosCreator/3.8.8/CocosCreator.app/Contents/Resources/app.asar/builtin/builder/dist/worker/worker-pools/sub-process-manager.ccc:1:2409)    at ChildProcess.emit (node:events:519:28)    at Process.ChildProcess._handle.onexit (node:internal/child_process:294:12)

2026-9-14 15:50:46 - debug: Json group(0c5b73bff) compile success，json number: 6

2026-9-14 15:50:46 - debug: Json group(0b0f7a282) compile success，json number: 6

2026-9-14 15:50:46 - debug: handle single json

2026-9-14 15:50:46 - debug: Json group(0f7c8b9e7) compile success，json number: 6

2026-9-14 15:50:46 - debug: Json group(0a5ff119a) compile success，json number: 6

2026-9-14 15:50:46 - debug: Json group(0e6a4113a) compile success，json number: 6

2026-9-14 15:50:46 - debug: handle single json

2026-9-14 15:50:46 - debug: Output asset in bundles success, progress: 24%

2026-9-14 15:50:46 - debug: Output asset in bundles success, progress: 13%

2026-9-14 15:50:46 - debug: Output asset in bundles start, progress: 24%

2026-9-14 15:50:46 - debug: Output asset in bundles start, progress: 13%

2026-9-14 15:50:46 - debug: output config of bundle internal

2026-9-14 15:50:46 - debug: output config of bundle internal success

2026-9-14 15:50:46 - debug: output config of bundle main

2026-9-14 15:50:46 - debug: output config of bundle main success

2026-9-14 15:50:46 - debug: Output asset in bundles success, progress: 24%

2026-9-14 15:50:46 - debug: Output asset in bundles success, progress: 13%

2026-9-14 15:50:46 - debug: // ---- build task Build Assets ---- (262ms)

2026-9-14 15:50:46 - log: run build task Build Assets success in 262 ms√, progress: 29%

2026-9-14 15:50:46 - debug: [Build Memory track]: Build Assets start:282.27MB, end 284.29MB, increase: 2.01MB

2026-9-14 15:50:46 - debug: wechatgame:(onAfterBundleBuildTask) start..., progress: 29%

2026-9-14 15:50:46 - debug: wechatgame:(onAfterBundleBuildTask) start..., progress: 13%

2026-9-14 15:50:46 - debug: // ---- build task wechatgame：onAfterBundleBuildTask ----

2026-9-14 15:50:46 - debug: // ---- build task wechatgame：onAfterBundleBuildTask ---- (1ms)

2026-9-14 15:50:46 - debug: wechatgame:(onAfterBundleBuildTask) in 1 ms ✓, progress: 29%

2026-9-14 15:50:46 - debug: wechatgame:(onAfterBundleBuildTask) in 1 ms ✓, progress: 20%

2026-9-14 15:50:46 - debug: wechatgame:(onAfterBuildAssets) start..., progress: 29%

2026-9-14 15:50:46 - debug: // ---- build task wechatgame：onAfterBuildAssets ----

2026-9-14 15:50:46 - debug: // ---- build task wechatgame：onAfterBuildAssets ---- (1ms)

2026-9-14 15:50:46 - debug: wechatgame:(onAfterBuildAssets) in 1 ms ✓, progress: 31%

2026-9-14 15:50:46 - debug: 整理部分构建选项内数据到 settings.json start, progress: 31%

2026-9-14 15:50:46 - debug: // ---- build task 整理部分构建选项内数据到 settings.json ----

2026-9-14 15:50:46 - debug: // ---- build task 整理部分构建选项内数据到 settings.json ---- (1ms)

2026-9-14 15:50:46 - log: run build task 整理部分构建选项内数据到 settings.json success in 1 ms√, progress: 33%

2026-9-14 15:50:46 - debug: [Build Memory track]: 整理部分构建选项内数据到 settings.json start:284.47MB, end 284.50MB, increase: 28.61KB

2026-9-14 15:50:46 - debug: 填充脚本数据到 settings.json start, progress: 33%

2026-9-14 15:50:46 - debug: // ---- build task 填充脚本数据到 settings.json ----

2026-9-14 15:50:46 - debug: // ---- build task 填充脚本数据到 settings.json ---- (1ms)

2026-9-14 15:50:46 - log: run build task 填充脚本数据到 settings.json success in 1 ms√, progress: 34%

2026-9-14 15:50:46 - debug: [Build Memory track]: 填充脚本数据到 settings.json start:284.53MB, end 284.56MB, increase: 26.91KB

2026-9-14 15:50:46 - debug: 整理部分构建选项内数据到 settings.json start, progress: 34%

2026-9-14 15:50:46 - debug: // ---- build task 整理部分构建选项内数据到 settings.json ----

2026-9-14 15:50:46 - debug: // ---- build task 整理部分构建选项内数据到 settings.json ---- (3ms)

2026-9-14 15:50:46 - log: run build task 整理部分构建选项内数据到 settings.json success in 3 ms√, progress: 36%

2026-9-14 15:50:46 - debug: [Build Memory track]: 整理部分构建选项内数据到 settings.json start:284.59MB, end 283.24MB, increase: -1373.70KB

2026-9-14 15:50:46 - debug: wechatgame:(onBeforeCompressSettings) start..., progress: 36%

2026-9-14 15:50:46 - debug: // ---- build task wechatgame：onBeforeCompressSettings ----

2026-9-14 15:50:46 - debug: wechatgame:(onBeforeCompressSettings) in 0 ms ✓, progress: 38%

2026-9-14 15:50:46 - debug: cocos-service:(onBeforeCompressSettings) start..., progress: 38%

2026-9-14 15:50:46 - debug: // ---- build task cocos-service：onBeforeCompressSettings ----

2026-9-14 15:50:46 - debug: // ---- build task cocos-service：onBeforeCompressSettings ---- (1ms)

2026-9-14 15:50:46 - debug: cocos-service:(onBeforeCompressSettings) in 1 ms ✓, progress: 40%

2026-9-14 15:50:46 - debug: 整理静态模板文件 start, progress: 40%

2026-9-14 15:50:46 - debug: // ---- build task 整理静态模板文件 ----

2026-9-14 15:50:46 - debug: // ---- build task 整理静态模板文件 ---- (15ms)

2026-9-14 15:50:46 - log: run build task 整理静态模板文件 success in 15 ms√, progress: 45%

2026-9-14 15:50:46 - debug: [Build Memory track]: 整理静态模板文件 start:283.40MB, end 286.42MB, increase: 3.02MB

2026-9-14 15:50:46 - debug: cocos-service:(onAfterCompressSettings) start..., progress: 45%

2026-9-14 15:50:46 - debug: // ---- build task cocos-service：onAfterCompressSettings ----

2026-9-14 15:50:46 - debug: // ---- build task cocos-service：onAfterCompressSettings ---- (1ms)

2026-9-14 15:50:46 - debug: cocos-service:(onAfterCompressSettings) in 1 ms ✓, progress: 46%

2026-9-14 15:50:46 - debug: wechatgame:(onBeforeCopyBuildTemplate) start..., progress: 46%

2026-9-14 15:50:46 - debug: // ---- build task wechatgame：onBeforeCopyBuildTemplate ----

2026-9-14 15:50:46 - debug: // ---- build task wechatgame：onBeforeCopyBuildTemplate ---- (6ms)

2026-9-14 15:50:46 - debug: wechatgame:(onBeforeCopyBuildTemplate) in 6 ms ✓, progress: 48%

2026-9-14 15:50:46 - debug: wechatgame:(onAfterCopyBuildTemplate) start..., progress: 48%

2026-9-14 15:50:46 - debug: // ---- build task wechatgame：onAfterCopyBuildTemplate ----

2026-9-14 15:50:46 - debug: // ---- build task wechatgame：onAfterCopyBuildTemplate ---- (2ms)

2026-9-14 15:50:46 - debug: wechatgame:(onAfterCopyBuildTemplate) in 2 ms ✓, progress: 50%

2026-9-14 15:50:46 - debug: 给所有的资源加上 MD5 后缀 start, progress: 50%

2026-9-14 15:50:46 - debug: // ---- build task 给所有的资源加上 MD5 后缀 ----

2026-9-14 15:50:46 - debug: // ---- build task 给所有的资源加上 MD5 后缀 ---- (1ms)

2026-9-14 15:50:46 - log: run build task 给所有的资源加上 MD5 后缀 success in 1 ms√, progress: 60%

2026-9-14 15:50:46 - debug: [Build Memory track]: 给所有的资源加上 MD5 后缀 start:286.88MB, end 286.90MB, increase: 24.58KB

2026-9-14 15:50:46 - debug: wechatgame:(onAfterBuild) start..., progress: 60%

2026-9-14 15:50:46 - debug: // ---- build task wechatgame：onAfterBuild ----

2026-9-14 15:50:47 - debug: // ---- build task wechatgame：onAfterBuild ---- (241ms)

2026-9-14 15:50:47 - debug: wechatgame:(onAfterBuild) in 241 ms ✓, progress: 62%

2026-9-14 15:50:47 - debug: cocos-service:(onAfterBuild) start..., progress: 62%

2026-9-14 15:50:47 - debug: // ---- build task cocos-service：onAfterBuild ----

2026-9-14 15:50:47 - debug: // ---- build task cocos-service：onAfterBuild ---- (1ms)

2026-9-14 15:50:47 - debug: cocos-service:(onAfterBuild) in 1 ms ✓, progress: 64%

2026-9-14 15:50:47 - debug: adsense-h5g-plugin:(onAfterBuild) start..., progress: 64%

2026-9-14 15:50:47 - debug: // ---- build task adsense-h5g-plugin：onAfterBuild ----

2026-9-14 15:50:47 - debug: // ---- build task adsense-h5g-plugin：onAfterBuild ---- (1ms)

2026-9-14 15:50:47 - debug: adsense-h5g-plugin:(onAfterBuild) in 1 ms ✓, progress: 65%

2026-9-14 15:50:47 - log: Asset DB is resume!

2026-9-14 15:50:47 - debug: builder:build-project-total (20087ms)

2026-9-14 15:50:47 - debug: build task(wechatgame) in 20087!

2026-9-14 15:50:47 - debug: [Build Memory track]: builder:build-project-total start:275.89MB, end 286.76MB, increase: 10.87MB

2026-9-14 15:50:47 - debug: ================================ build Task (wechatgame) Finished in (20 s)ms ================================

[31112:0914/155047.252423:ERROR:mach_port_rendezvous.cc(380)] bootstrap_look_up com.cocos.creator.MachPortRendezvousServer.28185: Unknown service name (1102)
[31112:0914/155047.253309:ERROR:shared_memory_switch.cc(237)] No rendezvous client, terminating process (parent died?)
